node_modules\.bin\next.cmd : ΓÜá Warning: Next.js inferred your workspace root, but it may not be correct.
At line:1 char:1
+ node_modules\.bin\next.cmd build 2>&1 | Out-File -FilePath tmp\build- ...
+ ~~~~~~~~~~~~~~~~~~~~~~~~~~~~~~~~~~~~~
    + CategoryInfo          : NotSpecified: (ΓÜá Warning: Ne...not be correct.:String) [], RemoteException
    + FullyQualifiedErrorId : NativeCommandError
 
 We detected multiple lockfiles and selected the directory of C:\Users\PC 
User\.gemini\antigravity\scratch\package-lock.json as the root directory.
 To silence this warning, set `turbopack.root` in your Next.js config, or consider removing one of the lockfiles if 
it's not needed.
   See https://nextjs.org/docs/app/api-reference/config/next-config-js/turbopack#root-directory for more information.
 Detected additional lockfiles: 
   * C:\Users\PC User\.gemini\antigravity\scratch\haul-command\package-lock.json

Γû▓ Next.js 16.2.1 (Turbopack)
- Environments: .env.production.local, .env.local
- Experiments (use with caution):
  ┬╖ optimizePackageImports

  Creating an optimized production build ...
Γ£ô Compiled successfully in 53s
  Running TypeScript ...
  Finished TypeScript in 97s ...
  Collecting page data using 7 workers ...
[resolve] UPSTASH_REDIS_REST_URL/TOKEN not set ΓÇö rate limiting disabled
ΓÜá Using edge runtime on a page currently disables static generation for that page
  Generating static pages using 7 workers (0/814) ...
  Generating static pages using 7 workers (203/814) 
  Generating static pages using 7 workers (406/814) 
  Generating static pages using 7 workers (610/814) 
Γ£ô Generating static pages using 7 workers (814/814) in 12.0s
  Finalizing page optimization ...

Route (app)
Γöî ╞Æ /
Γö£ Γùï /_not-found
Γö£ ╞Æ /.well-known/assetlinks.json
Γö£ ╞Æ /[country]
Γö£ ╞Æ /[country]/[state]
Γö£ ╞Æ /[country]/[state]/[city]
Γö£ ╞Æ /[country]/[state]/[city]/[service]
Γö£ ╞Æ /[country]/press
Γö£ Γùï /about
Γö£ ╞Æ /accept/[offerId]
Γö£ Γùï /admin
Γö£ Γùï /admin/abuse
Γö£ Γùï /admin/ads
Γö£ Γùï /admin/ads/campaigns/create
Γö£ ╞Æ /admin/ads/fraud
Γö£ ╞Æ /admin/ai-assets
Γö£ Γùï /admin/ai-costs
Γö£ Γùï /admin/ai-image
Γö£ ╞Æ /admin/ai-review
Γö£ Γùï /admin/approvals
Γö£ Γùï /admin/batch-jobs
Γö£ Γùï /admin/content
Γö£ Γùï /admin/content/video-guide
Γö£ Γùï /admin/content/videos
Γö£ Γùï /admin/control-tower
Γö£ Γùï /admin/corridors
Γö£ Γùï /admin/dashboards
Γö£ Γùï /admin/dashboards/country-readiness
Γö£ Γùï /admin/dashboards/creative-performance
Γö£ Γùï /admin/dashboards/data-products
Γö£ Γùï /admin/dashboards/distribution
Γö£ Γùï /admin/dashboards/fill-yield
Γö£ Γùï /admin/dashboards/revenue
Γö£ Γùï /admin/directory
Γö£ ╞Æ /admin/directory/health
Γö£ Γùï /admin/directory/seeds
Γö£ ╞Æ /admin/domination
Γö£ Γùï /admin/feature-flags
Γö£ ╞Æ /admin/heat
Γö£ Γùï /admin/leaderboard
Γö£ Γùï /admin/moat
Γö£ Γùï /admin/moderation
Γö£ Γùï /admin/ops
Γö£ Γùï /admin/pricing
Γö£ Γùï /admin/revenue
Γö£ Γùï /admin/settings
Γö£ Γùï /admin/social
Γö£ Γùï /admin/sponsors
Γö£ ╞Æ /admin/system
Γö£ Γùï /admin/trust
Γö£ Γùï /admin/vendors/applications
Γö£ ╞Æ /admin/vendors/applications/[id]
Γö£ Γùï /admin/vendors/placements
Γö£ ╞Æ /admin/vendors/placements/[id]
Γö£ Γùï /admin/vendors/placements/new
Γö£ Γùï /ads/campaigns/new
Γö£ Γùï /ads/dashboard
Γö£ Γùï /advertise
Γö£ Γùï /advertise/dashboard
Γö£ Γùï /ai
Γö£ Γùï /alerts/subscribe
Γö£ ╞Æ /alternatives/[competitor]
Γö£ Γùï /answers
Γö£ ╞Æ /answers/[slug]
Γö£ ╞Æ /api/activity
Γö£ ╞Æ /api/adgrid/admin-campaigns
Γö£ ╞Æ /api/adgrid/admin-stats
Γö£ ╞Æ /api/adgrid/attribution
Γö£ ╞Æ /api/adgrid/bid
Γö£ ╞Æ /api/adgrid/boost
Γö£ ╞Æ /api/adgrid/campaign-create
Γö£ ╞Æ /api/adgrid/event
Γö£ ╞Æ /api/adgrid/events
Γö£ ╞Æ /api/adgrid/generate
Γö£ ╞Æ /api/adgrid/partner
Γö£ ╞Æ /api/adgrid/pricing
Γö£ ╞Æ /api/adgrid/serve
Γö£ ╞Æ /api/admin/abuse
Γö£ ╞Æ /api/admin/abuse/resolve
Γö£ ╞Æ /api/admin/ai-costs
Γö£ ╞Æ /api/admin/ai/asset-links
Γö£ ╞Æ /api/admin/ai/edit-image
Γö£ ╞Æ /api/admin/ai/generate-image
Γö£ ╞Æ /api/admin/ai/generate-pack
Γö£ ╞Æ /api/admin/ai/generate-variants
Γö£ ╞Æ /api/admin/ai/prompt-templates
Γö£ ╞Æ /api/admin/ai/search-entities
Γö£ ╞Æ /api/admin/ai/variant-groups
Γö£ ╞Æ /api/admin/ai/variant-packs
Γö£ ╞Æ /api/admin/batch/claim-sweep
Γö£ ╞Æ /api/admin/batch/corridors
Γö£ ╞Æ /api/admin/batch/meta-descriptions
Γö£ ╞Æ /api/admin/bootstrap/enqueue
Γö£ ╞Æ /api/admin/claim-analysis
Γö£ ╞Æ /api/admin/content
Γö£ ╞Æ /api/admin/content/[id]
Γö£ ╞Æ /api/admin/content/metrics
Γö£ ╞Æ /api/admin/corridor-mega-analysis
Γö£ ╞Æ /api/admin/corridors/nudge
Γö£ ╞Æ /api/admin/directory/seeds
Γö£ ╞Æ /api/admin/directory/seeds/process
Γö£ ╞Æ /api/admin/ingest/vendors
Γö£ ╞Æ /api/admin/ingestion/batches
Γö£ ╞Æ /api/admin/ingestion/corridors
Γö£ ╞Æ /api/admin/ingestion/entities
Γö£ ╞Æ /api/admin/ingestion/ingest
Γö£ ╞Æ /api/admin/inquiries
Γö£ ╞Æ /api/admin/inquiries/[id]
Γö£ ╞Æ /api/admin/motive-stats
Γö£ ╞Æ /api/admin/orphan-report
Γö£ ╞Æ /api/admin/revenue
Γö£ ╞Æ /api/admin/run-migration
Γö£ ╞Æ /api/admin/sitemap-health
Γö£ ╞Æ /api/admin/social
Γö£ ╞Æ /api/admin/surface-explosion
Γö£ ╞Æ /api/admin/trust/anti-gaming
Γö£ ╞Æ /api/admin/trust/compute
Γö£ ╞Æ /api/admin/trust/confirmations
Γö£ ╞Æ /api/admin/trust/evidence
Γö£ ╞Æ /api/admin/trust/fraud-scan
Γö£ ╞Æ /api/admin/youtube-intel
Γö£ ╞Æ /api/ads/campaigns
Γö£ ╞Æ /api/ads/campaigns/[id]
Γö£ ╞Æ /api/ads/click
Γö£ ╞Æ /api/ads/serve
Γö£ ╞Æ /api/affiliate/track
Γö£ ╞Æ /api/ai/[agent]
Γö£ ╞Æ /api/ai/chat
Γö£ ╞Æ /api/ai/livekit-dispatch
Γö£ ╞Æ /api/ai/reporter
Γö£ ╞Æ /api/ai/services
Γö£ ╞Æ /api/alerts
Γö£ ╞Æ /api/alerts/evaluate
Γö£ ╞Æ /api/alerts/expiration
Γö£ ╞Æ /api/av
Γö£ ╞Æ /api/availability
Γö£ ╞Æ /api/availability/broadcast
Γö£ ╞Æ /api/availability/hold
Γö£ ╞Æ /api/availability/ical
Γö£ ╞Æ /api/availability/reposition
Γö£ ╞Æ /api/availability/respond
Γö£ ╞Æ /api/availability/submit
Γö£ ╞Æ /api/batch/generate-seo
Γö£ ╞Æ /api/billing/checkout
Γö£ ╞Æ /api/billing/portal
Γö£ ╞Æ /api/boost/load
Γö£ ╞Æ /api/boost/profile
Γö£ ╞Æ /api/boost/purchase
Γö£ ╞Æ /api/broker/connect
Γö£ ╞Æ /api/broker/register
Γö£ ╞Æ /api/broker/rescue
Γö£ ╞Æ /api/capture/confirm-community
Γö£ ╞Æ /api/capture/intake
Γö£ ╞Æ /api/capture/save-intent
Γö£ ╞Æ /api/capture/set-availability
Γö£ ╞Æ /api/capture/subscribe-alerts
Γö£ ╞Æ /api/claim
Γö£ ╞Æ /api/claim/approve
Γö£ ╞Æ /api/claim/pressure
Γö£ ╞Æ /api/claim/start
Γö£ ╞Æ /api/claim/verify
Γö£ ╞Æ /api/claims/initiate
Γö£ ╞Æ /api/claims/kpi
Γö£ ╞Æ /api/claims/verify
Γö£ ╞Æ /api/claims/verify-otp
Γö£ ╞Æ /api/claims/verify-token
Γö£ ╞Æ /api/command
Γö£ ╞Æ /api/comms/channel
Γö£ ╞Æ /api/comms/emergency
Γö£ ╞Æ /api/comms/token
Γö£ ╞Æ /api/connect/onboard
Γö£ ╞Æ /api/connect/payout
Γö£ ╞Æ /api/connect/payouts
Γö£ ╞Æ /api/connect/status
Γö£ ╞Æ /api/content/email-personalize
Γö£ ╞Æ /api/content/generate
Γö£ ╞Æ /api/content/generate_v2
Γö£ ╞Æ /api/content/load-enhance
Γö£ ╞Æ /api/content/match-explain
Γö£ ╞Æ /api/content/parse-certificate
Γö£ ╞Æ /api/content/push-copy
Γö£ ╞Æ /api/copilot/compliance
Γö£ ╞Æ /api/corridor/forecast
Γö£ ╞Æ /api/corridor/segments
Γö£ ╞Æ /api/corridor/sponsor
Γö£ ╞Æ /api/corridors/sponsor
Γö£ ╞Æ /api/corridors/sponsor/checkout
Γö£ ╞Æ /api/corridors/stress
Γö£ ╞Æ /api/credentials/verify
Γö£ ╞Æ /api/cron/ad-revenue-rollup
Γö£ ╞Æ /api/cron/autonomous-supply-mover
Γö£ ╞Æ /api/cron/av-briefings
Γö£ ╞Æ /api/cron/boost-expiry
Γö£ ╞Æ /api/cron/broker-intent-radar
Γö£ ╞Æ /api/cron/compliance-scanner
Γö£ ╞Æ /api/cron/content-engine
Γö£ ╞Æ /api/cron/content-enqueue
Γö£ ╞Æ /api/cron/content-pipeline
Γö£ ╞Æ /api/cron/control-tower-scan
Γö£ ╞Æ /api/cron/county-intelligence-refresh
Γö£ ╞Æ /api/cron/daily-dispatch
Γö£ ╞Æ /api/cron/directory-incremental
Γö£ ╞Æ /api/cron/directory-rehydrate
Γö£ ╞Æ /api/cron/email-sequences
Γö£ ╞Æ /api/cron/enterprise-usage-rollup
Γö£ ╞Æ /api/cron/escort-supply-radar
Γö£ ╞Æ /api/cron/habit-engine
Γö£ ╞Æ /api/cron/listmonk-weekly-digest
Γö£ ╞Æ /api/cron/match-health-monitor
Γö£ ╞Æ /api/cron/motive-sync
Γö£ ╞Æ /api/cron/notifications
Γö£ ╞Æ /api/cron/outreach-sequence
Γö£ ╞Æ /api/cron/recalculate-rankings
Γö£ ╞Æ /api/cron/rss-alerts
Γö£ ╞Æ /api/cron/sla-window-aggregator
Γö£ ╞Æ /api/cron/urgency
Γö£ ╞Æ /api/crowd-intel
Γö£ ╞Æ /api/crypto/checkout
Γö£ ╞Æ /api/crypto/ipn
Γö£ ╞Æ /api/crypto/wallet
Γö£ ╞Æ /api/dashboard/reposition-radar
Γö£ ╞Æ /api/data-issues
Γö£ ╞Æ /api/data-products
Γö£ ╞Æ /api/data/catalog
Γö£ ╞Æ /api/data/checkout
Γö£ ╞Æ /api/data/keys
Γö£ ╞Æ /api/defense/dna
Γö£ ╞Æ /api/demand/signals
Γö£ ╞Æ /api/density/markets
Γö£ ╞Æ /api/directory/badge/[token]
Γö£ ╞Æ /api/directory/claim
Γö£ ╞Æ /api/directory/export
Γö£ ╞Æ /api/directory/listings
Γö£ ╞Æ /api/directory/popular-searches
Γö£ ╞Æ /api/directory/promote
Γö£ ╞Æ /api/directory/region-stats
Γö£ ╞Æ /api/directory/remove-listing
Γö£ ╞Æ /api/directory/resolve
Γö£ ╞Æ /api/directory/reviews
Γö£ ╞Æ /api/directory/search
Γö£ ╞Æ /api/directory/view
Γö£ ╞Æ /api/discovery/ingest
Γö£ ╞Æ /api/dispatch/auto
Γö£ ╞Æ /api/dispatch/bid
Γö£ ╞Æ /api/dispatch/broadcast
Γö£ ╞Æ /api/dispatch/convoy
Γö£ ╞Æ /api/dispatch/intake
Γö£ ╞Æ /api/dispatch/match
Γö£ ╞Æ /api/dispatch/transition
Γö£ ╞Æ /api/email/preferences
Γö£ ╞Æ /api/email/unsubscribe
Γö£ ╞Æ /api/emergency-fill
Γö£ ╞Æ /api/emergency/accept
Γö£ ╞Æ /api/emergency/breakdown
Γö£ ╞Æ /api/emergency/breakdown/accept
Γö£ ╞Æ /api/enterprise/billing/stripe/reconcile
Γö£ ╞Æ /api/enterprise/billing/stripe/report-usage
Γö£ ╞Æ /api/enterprise/billing/stripe/sync
Γö£ ╞Æ /api/enterprise/billing/usage/ledger
Γö£ ╞Æ /api/enterprise/corridors/liquidity
Γö£ ╞Æ /api/enterprise/coverage
Γö£ ╞Æ /api/enterprise/dashboard/tiles
Γö£ ╞Æ /api/enterprise/fill/probability
Γö£ ╞Æ /api/enterprise/insurance
Γö£ ╞Æ /api/enterprise/keys
Γö£ ╞Æ /api/enterprise/keys/revoke
Γö£ ╞Æ /api/enterprise/openapi.json
Γö£ ╞Æ /api/enterprise/plans
Γö£ ╞Æ /api/enterprise/rates/index
Γö£ ╞Æ /api/enterprise/status
Γö£ ╞Æ /api/enterprise/usage
Γö£ ╞Æ /api/enterprise/v1/route-intelligence
Γö£ ╞Æ /api/equipment/check
Γö£ ╞Æ /api/escrow/accept-bid
Γö£ ╞Æ /api/escrow/create
Γö£ ╞Æ /api/escrow/dispute
Γö£ ╞Æ /api/escrow/release
Γö£ ╞Æ /api/escrow/status
Γö£ ╞Æ /api/estimate/submit
Γö£ ╞Æ /api/events
Γö£ ╞Æ /api/events/track
Γö£ ╞Æ /api/experiments
Γö£ ╞Æ /api/export/state-packet
Γö£ ╞Æ /api/fcc/counties
Γö£ ╞Æ /api/feed
Γö£ ╞Æ /api/finance/escrow-vault
Γö£ ╞Æ /api/fraud/report
Γö£ ╞Æ /api/freshness/compute
Γö£ ╞Æ /api/gdpr/delete
Γö£ ╞Æ /api/gdpr/export
Γö£ ╞Æ /api/geo/vector-tiles
Γö£ ╞Æ /api/glossary/term
Γö£ ╞Æ /api/gps/breadcrumbs/batch
Γö£ ╞Æ /api/graph/affinity
Γö£ ╞Æ /api/graph/event
Γö£ ╞Æ /api/graph/recompute
Γö£ ╞Æ /api/hc-pay/checkout
Γö£ ╞Æ /api/hc-pay/coins
Γö£ ╞Æ /api/hc-pay/ipn
Γö£ ╞Æ /api/hc-pay/payout
Γö£ ╞Æ /api/hc-pay/settle
Γö£ ╞Æ /api/hc-pay/wallet
Γö£ ╞Æ /api/hc-route/hazard-report
Γö£ ╞Æ /api/hc-route/permit-digitize
Γö£ ╞Æ /api/health
Γö£ ╞Æ /api/heartbeat
Γö£ ╞Æ /api/heatmap/tiles
Γö£ ╞Æ /api/identity/claim
Γö£ ╞Æ /api/inbox/messages
Γö£ ╞Æ /api/infrastructure
Γö£ ╞Æ /api/ingestion/queue
Γö£ ╞Æ /api/insurance/referral
Γö£ ╞Æ /api/intake
Γö£ ╞Æ /api/intel/crowd-report
Γö£ ╞Æ /api/intel/friction
Γö£ ╞Æ /api/intel/global-readiness
Γö£ ╞Æ /api/intel/scarcity
Γö£ ╞Æ /api/intelligence
Γö£ ╞Æ /api/intelligence/authority
Γö£ ╞Æ /api/intelligence/classify
Γö£ ╞Æ /api/intelligence/funnel
Γö£ ╞Æ /api/invites/convert
Γö£ ╞Æ /api/invites/escort
Γö£ ╞Æ /api/invoices/generate
Γö£ ╞Æ /api/leads/parse
Γö£ ╞Æ /api/leads/resource-download
Γö£ ╞Æ /api/leads/route-check-capture
Γö£ ╞Æ /api/leads/unlock
Γö£ ╞Æ /api/liquidity
Γö£ ╞Æ /api/llms-txt
Γö£ ╞Æ /api/load-types
Γö£ ╞Æ /api/loads
Γö£ ╞Æ /api/loads/[id]/boost
Γö£ ╞Æ /api/loads/[id]/shortlist
Γö£ ╞Æ /api/loads/accept
Γö£ ╞Æ /api/loads/create
Γö£ ╞Æ /api/loads/dispatch
Γö£ ╞Æ /api/loads/emergency-fill
Γö£ ╞Æ /api/loads/fit
Γö£ ╞Æ /api/loads/ingest
Γö£ ╞Æ /api/loads/live
Γö£ ╞Æ /api/loads/match-generate
Γö£ ╞Æ /api/loads/triroute
Γö£ ╞Æ /api/loads/urgency-score
Γö£ ╞Æ /api/locale
Γö£ ╞Æ /api/location/live
Γö£ ╞Æ /api/location/live-positions
Γö£ ╞Æ /api/location/privacy
Γö£ ╞Æ /api/location/sync-breadcrumbs
Γö£ ╞Æ /api/location/update
Γö£ ╞Æ /api/map/corridors
Γö£ ╞Æ /api/map/directory-pins
Γö£ ╞Æ /api/map/escorts
Γö£ ╞Æ /api/map/export
Γö£ ╞Æ /api/map/export-state-packet
Γö£ ╞Æ /api/map/liquidity
Γö£ ╞Æ /api/map/liquidity-prompt
Γö£ ╞Æ /api/map/load-routes
Γö£ ╞Æ /api/map/loads
Γö£ ╞Æ /api/map/prefetch
Γö£ ╞Æ /api/map/prefetch-jurisdiction
Γö£ ╞Æ /api/map/presence
Γö£ ╞Æ /api/map/repositioning
Γö£ ╞Æ /api/market/feed
Γö£ ╞Æ /api/market/heartbeat
Γö£ ╞Æ /api/me
Γö£ ╞Æ /api/messaging
Γö£ ╞Æ /api/messaging/block
Γö£ ╞Æ /api/messaging/conversation
Γö£ ╞Æ /api/messaging/conversations
Γö£ ╞Æ /api/messaging/emergency-fill
Γö£ ╞Æ /api/messaging/features
Γö£ ╞Æ /api/messaging/messages/[conversationId]
Γö£ ╞Æ /api/messaging/react
Γö£ ╞Æ /api/messaging/read
Γö£ ╞Æ /api/messaging/respond-offer
Γö£ ╞Æ /api/messaging/response-stats
Γö£ ╞Æ /api/messaging/send
Γö£ ╞Æ /api/messaging/unread-count
Γö£ ╞Æ /api/motive/connect
Γö£ ╞Æ /api/motive/fleet-data
Γö£ ╞Æ /api/motive/oauth-callback
Γö£ ╞Æ /api/motive/webhook
Γö£ ╞Æ /api/notifications
Γö£ ╞Æ /api/notifications/missed-load
Γö£ ╞Æ /api/notifications/push-register
Γö£ ╞Æ /api/notifications/register
Γö£ ╞Æ /api/novu/trigger
Γö£ ╞Æ /api/offers/[offerId]/accept
Γö£ ╞Æ /api/offers/[offerId]/decline
Γö£ ╞Æ /api/offers/accept
Γö£ ╞Æ /api/offers/decline
Γö£ ╞Æ /api/og
Γö£ ╞Æ /api/onboarding/update
Γö£ ╞Æ /api/opensearch
Γö£ ╞Æ /api/operator/completion-score
Γö£ ╞Æ /api/operator/confidence
Γö£ ╞Æ /api/operator/daily-digest
Γö£ ╞Æ /api/operator/momentum
Γö£ ╞Æ /api/operator/profile-event
Γö£ ╞Æ /api/operator/profile-strength
Γö£ ╞Æ /api/operator/radar
Γö£ ╞Æ /api/operator/toggle-availability
Γö£ ╞Æ /api/operator/weekly-report
Γö£ ╞Æ /api/operators
Γö£ ╞Æ /api/operators/rate-card
Γö£ ╞Æ /api/ops/acknowledge
Γö£ ╞Æ /api/ops/notify
Γö£ ╞Æ /api/outcomes
Γö£ ╞Æ /api/outreach/operators
Γö£ ╞Æ /api/outreach/sequence
Γö£ ╞Æ /api/partners/inquiry
Γö£ ╞Æ /api/payments/connect/onboarding
Γö£ ╞Æ /api/payments/quickpay
Γö£ ╞Æ /api/payments/quickpay/history
Γö£ ╞Æ /api/paywall/evaluate
Γö£ ╞Æ /api/permits/file
Γö£ ╞Æ /api/permits/intelligence
Γö£ ╞Æ /api/permits/quote
Γö£ ╞Æ /api/permits/request
Γö£ ╞Æ /api/photos/upload
Γö£ ╞Æ /api/placements
Γö£ ╞Æ /api/places/claim
Γö£ ╞Æ /api/platform/health
Γö£ ╞Æ /api/ports/sponsor
Γö£ ╞Æ /api/ports/sponsor/checkout
Γö£ ╞Æ /api/presence
Γö£ ╞Æ /api/presence/decay
Γö£ ╞Æ /api/pricing/experiments
Γö£ ╞Æ /api/pricing/oracle
Γö£ ╞Æ /api/pricing/validate
Γö£ ╞Æ /api/profile/completion
Γö£ ╞Æ /api/profile/featured
Γö£ ╞Æ /api/profile/update
Γö£ ╞Æ /api/providers/search
Γö£ ╞Æ /api/public/kpis
Γö£ ╞Æ /api/public/pricing/benchmarks
Γö£ ╞Æ /api/public/rate-index
Γö£ ╞Æ /api/public/services
Γö£ ╞Æ /api/push/register
Γö£ ╞Æ /api/push/send
Γö£ ╞Æ /api/push/subscribe
Γö£ ╞Æ /api/quickpay
Γö£ ╞Æ /api/quickpay/advance
Γö£ ╞Æ /api/quote
Γö£ ╞Æ /api/realtime/broadcast-corridor
Γö£ ╞Æ /api/recently-filled
Γö£ ╞Æ /api/reciprocity
Γö£ ╞Æ /api/reciprocity/resolve
Γö£ ╞Æ /api/recovery/scan
Γö£ ╞Æ /api/referral/generate
Γö£ ╞Æ /api/referral/reward
Γö£ ╞Æ /api/referral/track
Γö£ ╞Æ /api/referrals/submit
Γö£ ╞Æ /api/report
Γö£ ╞Æ /api/report-cards/broker
Γö£ ╞Æ /api/report-cards/corridor
Γö£ ╞Æ /api/report-cards/driver
Γö£ ╞Æ /api/reputation/improvements
Γö£ ╞Æ /api/requirements
Γö£ ╞Æ /api/reviews/submit
Γö£ ╞Æ /api/route-check
Γö£ ╞Æ /api/route-check/visual
Γö£ ╞Æ /api/routes/calculate
Γö£ ╞Æ /api/routes/clearances
Γö£ ╞Æ /api/routes/convoy/[loadId]
Γö£ ╞Æ /api/routes/convoy/position
Γö£ ╞Æ /api/routes/deviation
Γö£ ╞Æ /api/routes/intel/report
Γö£ ╞Æ /api/routes/permit/attach
Γö£ ╞Æ /api/search/all
Γö£ ╞Æ /api/search/loads
Γö£ ╞Æ /api/search/operators
Γö£ ╞Æ /api/search/orchestrator
Γö£ ╞Æ /api/search/profiles
Γö£ ╞Æ /api/search/sync
Γö£ ╞Æ /api/seo/pages
Γö£ ╞Æ /api/seo/weighted-links
Γö£ ╞Æ /api/settings/alerts
Γö£ ╞Æ /api/settings/location-sharing
Γö£ ╞Æ /api/sitemap
Γö£ ╞Æ /api/sitemap-glossary.xml
Γö£ ╞Æ /api/sms/balance
Γö£ ╞Æ /api/sms/optout
Γö£ ╞Æ /api/sms/purchase
Γö£ ╞Æ /api/sms/send
Γö£ ╞Æ /api/sms/smart-link
Γö£ ╞Æ /api/social/distribute
Γö£ ╞Æ /api/social/endorsements
Γö£ ╞Æ /api/social/follow
Γö£ ╞Æ /api/social/posts
Γö£ ╞Æ /api/sponsor-waitlist
Γö£ ╞Æ /api/sponsor/inventory
Γö£ ╞Æ /api/sponsor/pricing
Γö£ ╞Æ /api/sponsor/territory
Γö£ ╞Æ /api/standing-orders/create
Γö£ ╞Æ /api/standing-orders/dispatch
Γö£ ╞Æ /api/stats
Γö£ ╞Æ /api/stats/global
Γö£ ╞Æ /api/stripe/boost
Γö£ ╞Æ /api/stripe/checkout
Γö£ ╞Æ /api/stripe/corridor-sponsor
Γö£ ╞Æ /api/stripe/emergency-fill
Γö£ ╞Æ /api/stripe/port-sponsor
Γö£ ╞Æ /api/stripe/portal
Γö£ ╞Æ /api/stripe/training-checkout
Γö£ ╞Æ /api/stripe/webhook
Γö£ ╞Æ /api/subscriptions/checkout
Γö£ ╞Æ /api/subscriptions/plans
Γö£ ╞Æ /api/subscriptions/portal
Γö£ ╞Æ /api/supply/recommendations
Γö£ ╞Æ /api/supply/snapshot
Γö£ ╞Æ /api/supply/telemetry
Γö£ ╞Æ /api/surfaces/claim
Γö£ ╞Æ /api/surfaces/verify-claim
Γö£ ╞Æ /api/territory/claim
Γö£ ╞Æ /api/tools/credential-parser
Γö£ ╞Æ /api/tools/load-analyzer
Γö£ ╞Æ /api/tools/rate-advisor
Γö£ ╞Æ /api/training
Γö£ ╞Æ /api/training/certificate/[certification_id]
Γö£ ╞Æ /api/training/corporate-inquiry
Γö£ ╞Æ /api/training/enroll
Γö£ ╞Æ /api/training/modules
Γö£ ╞Æ /api/training/modules/[slug]
Γö£ ╞Æ /api/training/my-certifications
Γö£ ╞Æ /api/training/progress
Γö£ ╞Æ /api/training/submit-assessment
Γö£ ╞Æ /api/treasury/nowpayments-withdraw
Γö£ ╞Æ /api/trust/corridors/[profileId]
Γö£ ╞Æ /api/trust/profile/[profileId]
Γö£ ╞Æ /api/users/[id]/block
Γö£ ╞Æ /api/v1/admin/flags
Γö£ ╞Æ /api/v1/admin/jobs
Γö£ ╞Æ /api/v1/admin/payouts
Γö£ ╞Æ /api/v1/admin/reviews
Γö£ ╞Æ /api/v1/admin/system
Γö£ ╞Æ /api/v1/auth/profile-progress
Γö£ ╞Æ /api/v1/auth/social-callback
Γö£ ╞Æ /api/v1/badges/profile
Γö£ ╞Æ /api/v1/broker/[resource]
Γö£ ╞Æ /api/v1/broker/corridor-stress
Γö£ ╞Æ /api/v1/broker/exposure
Γö£ ╞Æ /api/v1/crm/prospects
Γö£ ╞Æ /api/v1/demand-intelligence/corridors
Γö£ ╞Æ /api/v1/demand-intelligence/heatmap
Γö£ ╞Æ /api/v1/demand-intelligence/segments
Γö£ ╞Æ /api/v1/demand-intelligence/spikes
Γö£ ╞Æ /api/v1/intel/[product]
Γö£ ╞Æ /api/v1/intel/surge/[corridor]
Γö£ ╞Æ /api/v1/intel/trust-score/[id]
Γö£ ╞Æ /api/v1/leaderboard
Γö£ ╞Æ /api/v1/legal-intelligence/expiration-scan
Γö£ ╞Æ /api/v1/legal-intelligence/legality
Γö£ ╞Æ /api/v1/legal-intelligence/route-check
Γö£ ╞Æ /api/v1/marketplace/jobs/[jobId]/complete
Γö£ ╞Æ /api/v1/marketplace/jobs/[jobId]/status
Γö£ ╞Æ /api/v1/marketplace/match
Γö£ ╞Æ /api/v1/marketplace/offers/[offerId]/respond
Γö£ ╞Æ /api/v1/marketplace/offers/expire
Γö£ ╞Æ /api/v1/marketplace/tracking/[jobId]
Γö£ ╞Æ /api/v1/public/[resource]
Γö£ ╞Æ /api/v1/seo/chambers
Γö£ ╞Æ /api/v1/seo/density-score
Γö£ ╞Æ /api/v1/trust/disputes
Γö£ ╞Æ /api/v1/trust/ratings
Γö£ ╞Æ /api/v1/trust/score
Γö£ ╞Æ /api/v1/verification/status
Γö£ ╞Æ /api/vapi/dial-next
Γö£ ╞Æ /api/vapi/outbound
Γö£ ╞Æ /api/vendor/verify
Γö£ ╞Æ /api/verification/upgrade
Γö£ ╞Æ /api/video/admin-list
Γö£ ╞Æ /api/video/check-status
Γö£ ╞Æ /api/video/create
Γö£ ╞Æ /api/video/create-from-url
Γö£ ╞Æ /api/video/poll
Γö£ ╞Æ /api/video/publish-youtube
Γö£ ╞Æ /api/visibility/resolve
Γö£ ╞Æ /api/waitlist
Γö£ ╞Æ /api/watchlist
Γö£ ╞Æ /api/watchlist/digest
Γö£ ╞Æ /api/watchlist/trigger
Γö£ ╞Æ /api/weather/corridor
Γö£ ╞Æ /api/webhooks/motive
Γö£ ╞Æ /api/webhooks/stripe
Γö£ ╞Æ /api/webhooks/stripe-escrow
Γö£ ╞Æ /api/webhooks/typesense-sync
Γö£ ╞Æ /api/webhooks/vapi
Γö£ Γùï /app
Γö£ Γùï /app/operator/connect-stripe
Γö£ Γùï /app/profile
Γö£ Γùï /apple-icon.png
Γö£ ╞Æ /auth/callback
Γö£ Γùï /auth/magic-link
Γö£ Γùï /auth/register
Γö£ ╞Æ /authority/[country]/[region]
Γö£ ╞Æ /authority/[country]/[region]/[topic]
Γö£ ╞Æ /autonomous/[country]/[slug]
Γö£ Γùï /availability
Γö£ ╞Æ /available-now
Γö£ ╞Æ /available-now/[city-state]
Γö£ ╞Æ /blog
Γö£ ╞Æ /blog/[slug]
Γö£ Γùï /boost
Γö£ ╞Æ /border/[crossing-name]/escort-services
Γö£ ╞Æ /broker
Γö£ Γùï /brokers
Γö£ Γùï /canada
Γö£ ╞Æ /chambers
Γö£ ╞Æ /chambers/[state_code]
Γö£ Γùï /chat
Γö£ Γùï /claim
Γö£ ╞Æ /claim/[id]
Γö£ ╞Æ /claim/invite/[hash]
Γö£ Γùï /community
Γö£ ╞Æ /companies
Γö£ ╞Æ /companies/[slug]
Γö£ ╞Æ /compare/[topic]
Γö£ Γùï /contact
Γö£ Γùï /content-policy
Γö£ ╞Æ /corridor
Γö£ ╞Æ /corridor/[corridor]
Γö£ ╞Æ /corridors
Γö£ ╞Æ /corridors/[slug]
Γö£ Γùï /corridors/oilfield
Γö£ ╞Æ /county/[county-slug]
Γö£ ╞Æ /county/[county-slug]/pilot-car
Γö£ Γùï /dashboard
Γö£ ╞Æ /dashboard/badge
Γö£ ╞Æ /dashboard/broker/loads
Γö£ Γùï /dashboard/certifications
Γö£ Γùï /dashboard/command
Γö£ Γùï /dashboard/defense
Γö£ Γùï /dashboard/defense/map
Γö£ Γùï /dashboard/earnings
Γö£ Γùï /dashboard/loads
Γö£ ╞Æ /dashboard/operator
Γö£ Γùï /data
Γö£ Γùï /demo-report-card
Γö£ Γùï /dev/screenshots
Γö£ Γùï /developers
Γö£ Γùï /developers/authentication
Γö£ Γùï /developers/billing
Γö£ Γùï /developers/examples
Γö£ Γùï /developers/getting-started
Γö£ Γùï /developers/rate-limits
Γö£ ╞Æ /directory
Γö£ ╞Æ /directory/[country]
Γö£ ╞Æ /directory/[country]/[state]
Γö£ ╞Æ /directory/[country]/[state]/[category]
Γö£ ╞Æ /directory/claim/[id]
Γö£ Γùï /directory/elite
Γö£ ╞Æ /directory/profile/[slug]
Γö£ Γùï /directory/report
Γö£ ╞Æ /dispatch
Γö£ ╞Æ /emergency/[service]
Γö£ Γùï /emergency/nearby
Γö£ Γùï /enterprise/autonomous
Γö£ ╞Æ /escort-requirements
Γö£ ╞Æ /escort-requirements/[state]
Γö£ ╞Æ /escort/corridor/[corridor]
Γö£ Γùï /escrow/checkout
Γö£ ╞Æ /gear
Γö£ ╞Æ /glossary
Γö£ ╞Æ /glossary/[slug]
Γö£ ╞Æ /glossary/country/[code]
Γö£ Γùï /home
Γö£ Γùï /how-it-works
Γö£ Γùï /icon.png
Γö£ Γùï /icons
Γö£ Γùï /inbox
Γö£ Γùï /industries
Γö£ ╞Æ /industries/[slug]
Γö£ ╞Æ /industry/[vertical]/pilot-car
Γö£ Γùï /infrastructure
Γö£ Γùï /intel
Γö£ Γùï /jobs
Γö£ Γùï /leaderboards
Γö£ Γùï /legal/acceptable-use
Γö£ Γùï /legal/privacy
Γö£ Γùï /legal/refund
Γö£ Γùï /legal/terms
Γö£ ╞Æ /loads
Γö£ ╞Æ /loads/[slug]
Γö£ ╞Æ /loads/[slug]/boost
Γö£ Γùï /loads/new
Γö£ Γùï /loads/post
Γö£ Γùï /login
Γö£ ╞Æ /logout
Γö£ Γùï /map
Γö£ Γùï /map/jurisdiction
Γö£ Γùï /map/live
Γö£ Γùï /map/route-check
Γö£ ╞Æ /map/run/[loadId]
Γö£ Γùï /market
Γö£ ╞Æ /market/[state]
Γö£ Γùï /near-me
Γö£ ΓùÅ /near-me/[country]
Γöé Γö£ /near-me/us
Γöé Γö£ /near-me/ca
Γöé Γö£ /near-me/au
Γöé Γöö [+117 more paths]
Γö£ ΓùÅ /near/[slug]
Γöé Γö£ /near/houston-tx
Γöé Γö£ /near/dallas-tx
Γöé Γö£ /near/san-antonio-tx
Γöé Γöö [+47 more paths]
Γö£ Γùï /offers
Γö£ ╞Æ /offers/[offerId]
Γö£ Γùï /offers/inbox
Γö£ Γùï /offline
Γö£ Γùï /onboarding
Γö£ Γùï /onboarding/claim
Γö£ Γùï /onboarding/start
Γö£ Γùï /operator
Γö£ Γùï /partner/apply
Γö£ Γùï /partners
Γö£ Γùï /partners/autonomous-vehicles
Γö£ Γùï /partners/av-companies
Γö£ Γùï /partners/oilfield
Γö£ Γùï /partners/wind-energy
Γö£ Γùï /permits
Γö£ ╞Æ /permits/agents
Γö£ Γùï /permits/request
Γö£ ╞Æ /place/[id]
Γö£ Γùï /plans
Γö£ Γùï /playbook
Γö£ ╞Æ /port/[port-name]/escort-services
Γö£ ╞Æ /ports/[country]/[state]/[port_slug]
Γö£ ╞Æ /ports/[country]/[state]/[port_slug]/[terminal_slug]
Γö£ Γùï /post-a-load
Γö£ Γùï /press
Γö£ Γùï /pricing
Γö£ Γùï /privacy
Γö£ Γùï /profile
Γö£ ╞Æ /profile/[id]
Γö£ Γùï /profile/featured
Γö£ ╞Æ /providers/[slug]
Γö£ Γùï /quickpay
Γö£ Γùï /quote
Γö£ Γùï /rate-index
Γö£ Γùï /rates
Γö£ ╞Æ /rates/[state]/pilot-car-cost
Γö£ Γùï /rates/country
Γö£ Γùï /rates/country/pilot-car-cost
Γö£ Γùï /referral
Γö£ Γùï /regulations
Γö£ ΓùÅ /regulations/[country]
Γöé Γö£ /regulations/us
Γöé Γö£ /regulations/ca
Γöé Γö£ /regulations/au
Γöé Γöö [+117 more paths]
Γö£ Γùï /regulations/autonomous-vehicles
Γö£ ╞Æ /regulations/us/[state]
Γö£ ╞Æ /regulatory-db
Γö£ Γùï /remove-listing
Γö£ ╞Æ /reposition
Γö£ ╞Æ /requirements/[country]/[state]/[service]
Γö£ ╞Æ /requirements/[state]/escort-vehicle-rules
Γö£ Γùï /resources
Γö£ Γùï /resources/certification/state-pilot-car-certifications
Γö£ Γùï /resources/forms
Γö£ Γùï /resources/guides/how-to-start-pilot-car-company
Γö£ Γùï /resources/legal/frost-law-guide
Γö£ Γùï /resources/legal/tire-chain-laws
Γö£ ╞Æ /review/[subjectType]/[subjectId]
Γö£ Γùï /route-check
Γö£ ╞Æ /routes/[highway]/[state]
Γö£ ╞Æ /rules/[region]/[topic]
Γö£ ╞Æ /rural-escort-coverage/[county-slug]
Γö£ Γùï /search
Γö£ Γùï /security
Γö£ Γùï /services
Γö£ ╞Æ /services/[slug]
Γö£ Γùï /services/certification
Γö£ Γùï /services/consolidated-invoicing
Γö£ Γùï /services/fleet-backup
Γö£ Γùï /services/marketplace
Γö£ Γùï /services/project-planning
Γö£ Γùï /services/risk-mitigation
Γö£ Γùï /settings
Γö£ Γùï /settings/alerts
Γö£ Γùï /settings/billing
Γö£ Γùï /sla
Γö£ Γùï /sponsor
Γö£ Γùï /sponsor/checkout
Γö£ Γùï /sponsor/success
Γö£ Γùï /sponsor/waitlist
Γö£ ╞Æ /start
Γö£ Γùï /store
Γö£ ╞Æ /success
Γö£ ╞Æ /surface/[slug]
Γö£ ╞Æ /surfaces/[country]
Γö£ ╞Æ /surfaces/[country]/[category]
Γö£ Γùï /terms
Γö£ ╞Æ /territory
Γö£ Γùï /tools
Γö£ ╞Æ /tools/[country_code]/[slug]
Γö£ Γùï /tools/bridge-weight
Γö£ Γùï /tools/compliance-card
Γö£ Γùï /tools/compliance-copilot
Γö£ Γùï /tools/compliance-sentinel
Γö£ Γùï /tools/cost-calculator
Γö£ Γùï /tools/crc-recorder
Γö£ Γùï /tools/cross-border
Γö£ Γùï /tools/discovery-map
Γö£ Γùï /tools/escort-calculator
Γö£ Γùï /tools/global-command-map
Γö£ Γùï /tools/heavy-haul-index
Γö£ Γùï /tools/load-analyzer
Γö£ Γùï /tools/permit-calculator
Γö£ Γùï /tools/permit-checker
Γö£ Γùï /tools/permit-filing
Γö£ Γùï /tools/railroad-profiler
Γö£ Γùï /tools/rate-advisor
Γö£ Γùï /tools/rate-lookup
Γö£ Γùï /tools/regulation-alerts
Γö£ Γùï /tools/route-complexity
Γö£ Γùï /tools/route-iq
Γö£ Γùï /tools/route-survey
Γö£ Γùï /tools/state-requirements
Γö£ Γùï /tools/terminology
Γö£ Γùï /training
Γö£ ╞Æ /training/[slug]
Γö£ Γùï /training/av-certification
Γö£ Γùï /training/corporate
Γö£ ╞Æ /training/verify/[certification_id]
Γö£ Γùï /united-states
Γö£ ╞Æ /vendors/[vendorId]
Γö£ ╞Æ /vendors/[vendorId]/upgrade
Γö£ Γùï /vendors/apply
Γö£ Γùï /vendors/apply/thanks
Γöö ╞Æ /verify


╞Æ Proxy (Middleware)

Γùï  (Static)   prerendered as static content
ΓùÅ  (SSG)      prerendered as static HTML (uses generateStaticParams)
╞Æ  (Dynamic)  server-rendered on demand

