
> haul-command-bots@1.0.0 build
> next build

Γû▓ Next.js 16.1.6 (Turbopack)
- Environments: .env.local, .env

  Creating an optimized production build ...
Γ£ô Compiled successfully in 19.5s
  Running TypeScript ...
  Collecting page data using 7 workers ...
  Generating static pages using 7 workers (0/130) ...
  Generating static pages using 7 workers (32/130) 
cmd : (node:2030220) Warning: Setting the NODE_TLS_REJECT_UNAUTHORIZED environment variable to '0' makes TLS 
connections and HTTPS requests insecure by disabling certificate verification.
At line:1 char:1
+ cmd /c npm run build 1>build-output.txt 2>&1
+ ~~~~~~~~~~~~~~~~~~~~~~~~~~~~~~~~~~~~~~~~~~~~
    + CategoryInfo          : NotSpecified: ((node:2030220) ...e verification.:String) [], RemoteException
    + FullyQualifiedErrorId : NativeCommandError
 
(Use `node --trace-warnings ...` to show where the warning was created)
(node:2025396) Warning: Setting the NODE_TLS_REJECT_UNAUTHORIZED environment variable to '0' makes TLS connections and 
HTTPS requests insecure by disabling certificate verification.
(Use `node --trace-warnings ...` to show where the warning was created)
(node:1837084) Warning: Setting the NODE_TLS_REJECT_UNAUTHORIZED environment variable to '0' makes TLS connections and 
HTTPS requests insecure by disabling certificate verification.
(Use `node --trace-warnings ...` to show where the warning was created)
  Generating static pages using 7 workers (64/130) 
  Generating static pages using 7 workers (97/130) 
Γ£ô Generating static pages using 7 workers (130/130) in 3.1s
  Finalizing page optimization ...

Route (app)                                      Revalidate  Expire
Γöî Γùï /
Γö£ Γùï /_not-found
Γö£ ╞Æ /[country]
Γö£ ╞Æ /[country]/[state]
Γö£ ╞Æ /[country]/[state]/[city]
Γö£ ╞Æ /[country]/[state]/[city]/[service]
Γö£ Γùï /admin
Γö£ Γùï /admin/abuse
Γö£ Γùï /admin/ads
Γö£ Γùï /admin/ads/fraud
Γö£ Γùï /admin/approvals
Γö£ Γùï /admin/corridors
Γö£ Γùï /admin/directory
Γö£ Γùï /admin/directory/seeds
Γö£ Γùï /admin/feature-flags
Γö£ Γùï /admin/heat
Γö£ Γùï /admin/leaderboard
Γö£ Γùï /admin/moderation
Γö£ Γùï /admin/pricing
Γö£ Γùï /admin/settings
Γö£ Γùï /admin/sponsors
Γö£ Γùï /admin/vendors/applications
Γö£ ╞Æ /admin/vendors/applications/[id]
Γö£ Γùï /admin/vendors/placements
Γö£ ╞Æ /admin/vendors/placements/[id]
Γö£ Γùï /admin/vendors/placements/new
Γö£ ╞Æ /alternatives/[competitor]
Γö£ ╞Æ /api/activity
Γö£ ╞Æ /api/admin/abuse
Γö£ ╞Æ /api/admin/abuse/resolve
Γö£ ╞Æ /api/admin/corridors/nudge
Γö£ ╞Æ /api/admin/directory/seeds
Γö£ ╞Æ /api/admin/directory/seeds/process
Γö£ ╞Æ /api/ads/click
Γö£ ╞Æ /api/ads/serve
Γö£ ╞Æ /api/ai/chat
Γö£ ╞Æ /api/ai/reporter
Γö£ ╞Æ /api/claim
Γö£ ╞Æ /api/claim/approve
Γö£ ╞Æ /api/claim/start
Γö£ ╞Æ /api/claim/verify
Γö£ ╞Æ /api/corridors/stress
Γö£ ╞Æ /api/crowd-intel
Γö£ ╞Æ /api/directory/reviews
Γö£ ╞Æ /api/directory/search
Γö£ ╞Æ /api/directory/view
Γö£ ╞Æ /api/email/preferences
Γö£ ╞Æ /api/email/unsubscribe
Γö£ ╞Æ /api/enterprise/corridors/liquidity
Γö£ ╞Æ /api/enterprise/fill/probability
Γö£ ╞Æ /api/export/state-packet
Γö£ ╞Æ /api/heartbeat
Γö£ ╞Æ /api/invites/convert
Γö£ ╞Æ /api/invites/escort
Γö£ ╞Æ /api/liquidity
Γö£ ╞Æ /api/loads/[id]/boost
Γö£ ╞Æ /api/loads/[id]/shortlist
Γö£ ╞Æ /api/loads/live
Γö£ ╞Æ /api/loads/match-generate
Γö£ ╞Æ /api/loads/urgency-score
Γö£ ╞Æ /api/locale
Γö£ ╞Æ /api/map/corridors
Γö£ ╞Æ /api/map/escorts
Γö£ ╞Æ /api/map/export
Γö£ ╞Æ /api/map/liquidity
Γö£ ╞Æ /api/map/liquidity-prompt
Γö£ ╞Æ /api/map/loads
Γö£ ╞Æ /api/map/prefetch
Γö£ ╞Æ /api/map/presence
Γö£ ╞Æ /api/map/repositioning
Γö£ ╞Æ /api/me
Γö£ ╞Æ /api/offers/[offerId]/accept
Γö£ ╞Æ /api/offers/[offerId]/decline
Γö£ ╞Æ /api/onboarding/update
Γö£ ╞Æ /api/placements
Γö£ ╞Æ /api/profile/featured
Γö£ ╞Æ /api/public/pricing/benchmarks
Γö£ ╞Æ /api/public/services
Γö£ ╞Æ /api/push/register
Γö£ ╞Æ /api/push/send
Γö£ ╞Æ /api/push/subscribe
Γö£ ╞Æ /api/recently-filled
Γö£ ╞Æ /api/report
Γö£ ╞Æ /api/report-cards/broker
Γö£ ╞Æ /api/report-cards/corridor
Γö£ ╞Æ /api/report-cards/driver
Γö£ ╞Æ /api/search/profiles
Γö£ ╞Æ /api/seo/pages
Γö£ ╞Æ /api/settings/alerts
Γö£ ╞Æ /api/trust/corridors/[profileId]
Γö£ ╞Æ /api/trust/profile/[profileId]
Γö£ ╞Æ /api/users/[id]/block
Γö£ ╞Æ /api/v1/broker/[resource]
Γö£ ╞Æ /api/v1/broker/corridor-stress
Γö£ ╞Æ /api/v1/broker/exposure
Γö£ ╞Æ /api/v1/intel/[product]
Γö£ ╞Æ /api/v1/intel/surge/[corridor]
Γö£ ╞Æ /api/v1/intel/trust-score/[id]
Γö£ ╞Æ /api/v1/public/[resource]
Γö£ Γùï /app
Γö£ Γùï /app/profile
Γö£ ╞Æ /border/[crossing-name]/escort-services
Γö£ Γùï /broker
Γö£ Γùï /canada
Γö£ Γùï /chambers
Γö£ ╞Æ /chambers/[state_code]
Γö£ Γùï /chat
Γö£ Γùï /claim
Γö£ ╞Æ /claim/[profileId]
Γö£ ╞Æ /claim/[profileId]/success
Γö£ ╞Æ /claim/[profileId]/verify
Γö£ ╞Æ /claim/invite/[hash]
Γö£ ╞Æ /compare/[topic]
Γö£ Γùï /content-policy
Γö£ ╞Æ /corridors/[corridor]
Γö£ ╞Æ /county/[county-slug]/pilot-car
Γö£ Γùï /dashboard
Γö£ Γùï /dev/screenshots
Γö£ Γùï /directory
Γö£ ╞Æ /directory/[country]
Γö£ ╞Æ /directory/[country]/[region]
Γö£ ╞Æ /directory/[country]/[region]/[city]
Γö£ ╞Æ /directory/[country]/[region]/[city]/[slug]
Γö£ ╞Æ /directory/profile/[id]
Γö£ ╞Æ /emergency/[service]
Γö£ Γùï /emergency/nearby
Γö£ ╞Æ /escort/corridor/[corridor]
Γö£ Γùï /escrow/checkout
Γö£ Γùï /gear
Γö£ ╞Æ /industry/[vertical]/pilot-car
Γö£ ╞Æ /leaderboards
Γö£ Γùï /loads
Γö£ ╞Æ /loads/[slug]
Γö£ ╞Æ /loads/[slug]/boost
Γö£ Γùï /loads/new
Γö£ Γùï /loads/post
Γö£ Γùï /login
Γö£ ╞Æ /logout
Γö£ Γùï /map
Γö£ ╞Æ /near/[slug]
Γö£ ╞Æ /offers/[offerId]
Γö£ Γùï /offers/inbox
Γö£ Γùï /onboarding
Γö£ ╞Æ /port/[port-name]/escort-services
Γö£ Γùï /post-a-load
Γö£ Γùï /privacy
Γö£ Γùï /profile/featured
Γö£ ╞Æ /providers/[slug]
Γö£ Γùï /quote
Γö£ ╞Æ /rates/[state]/pilot-car-cost
Γö£ Γùï /referral
Γö£ Γùï /regulatory-db                                       1d      1y
Γö£ ╞Æ /requirements/[state]/escort-vehicle-rules
Γö£ Γùï /robots.txt
Γö£ ╞Æ /routes/[highway]/[state]
Γö£ ╞Æ /rules/[region]/[topic]
Γö£ ╞Æ /services/[slug]
Γö£ Γùï /services/marketplace
Γö£ Γùï /settings/alerts
Γö£ ╞Æ /sitemap-seo.xml
Γö£ Γùï /sitemap.xml
Γö£ Γùï /sponsor/checkout
Γö£ Γùï /sponsor/success
Γö£ Γùï /start
Γö£ Γùï /success
Γö£ Γùï /terms
Γö£ Γùï /territory
Γö£ Γùï /tools
Γö£ Γùï /tools/heavy-haul-index
Γö£ Γùï /tools/permit-calculator
Γö£ Γùï /tools/permit-checker
Γö£ Γùï /tools/rate-lookup
Γö£ Γùï /tools/route-complexity
Γö£ Γùï /tools/route-iq
Γö£ Γùï /tools/route-survey
Γö£ Γùï /tools/state-requirements
Γö£ Γùï /united-states
Γö£ ╞Æ /vendors/[vendorId]
Γö£ ╞Æ /vendors/[vendorId]/upgrade
Γö£ Γùï /vendors/apply
Γö£ Γùï /vendors/apply/thanks
Γöö Γùï /verify


╞Æ Proxy (Middleware)

Γùï  (Static)   prerendered as static content
╞Æ  (Dynamic)  server-rendered on demand

